[     517ms] [WARNING] document.domain mutation is ignored because the surrounding agent cluster is origin-keyed. @ https://guba.sina.com.cn/?s=thread&tid=51343&bid=39369:30
[     868ms] ReferenceError: bShare is not defined
    at https://guba.sina.com.cn/?s=thread&tid=51343&bid=39369:657:37
    at https://i2.sinaimg.cn/jslib/modules2/seajs/1.3.0/sea.js:19:343
    at p (https://i2.sinaimg.cn/jslib/modules2/seajs/1.3.0/sea.js:19:82)
    at https://i2.sinaimg.cn/jslib/modules2/seajs/1.3.0/sea.js:19:267
    at c._load (https://i2.sinaimg.cn/jslib/modules2/seajs/1.3.0/sea.js:20:52)
    at c._use (https://i2.sinaimg.cn/jslib/modules2/seajs/1.3.0/sea.js:19:248)
    at https://i2.sinaimg.cn/jslib/modules2/seajs/1.3.0/sea.js:24:88
    at p (https://i2.sinaimg.cn/jslib/modules2/seajs/1.3.0/sea.js:19:82)
    at a.use (https://i2.sinaimg.cn/jslib/modules2/seajs/1.3.0/sea.js:24:73)
    at https://guba.sina.com.cn/?s=thread&tid=51343&bid=39369:636:39
[     984ms] [ERROR] Failed to load resource: net::ERR_CERT_COMMON_NAME_INVALID @ https://bdimg.share.baidu.com/static/api/js/share.js?cdnversion=494774:0
[     986ms] TypeError: Cannot read properties of undefined (reading 'init')
    at https://guba.sina.com.cn/?s=thread&tid=51343&bid=39369:723:51
    at https://i2.sinaimg.cn/jslib/modules2/seajs/1.3.0/sea.js:19:343
    at p (https://i2.sinaimg.cn/jslib/modules2/seajs/1.3.0/sea.js:19:82)
    at https://i2.sinaimg.cn/jslib/modules2/seajs/1.3.0/sea.js:19:267
    at e (https://i2.sinaimg.cn/jslib/modules2/seajs/1.3.0/sea.js:19:460)
    at b (https://i2.sinaimg.cn/jslib/modules2/seajs/1.3.0/sea.js:20:208)
    at https://i2.sinaimg.cn/jslib/modules2/seajs/1.3.0/sea.js:17:471
    at Array.forEach (<anonymous>)
    at a.forEach (https://i2.sinaimg.cn/jslib/modules2/seajs/1.3.0/sea.js:7:27)
    at https://i2.sinaimg.cn/jslib/modules2/seajs/1.3.0/sea.js:17:449
[    1255ms] [VERBOSE] [DOM] Password field is not contained in a form: (More info: https://goo.gl/9p2vKq) %o @ https://guba.sina.com.cn/?s=thread&tid=51343&bid=39369:0
[    1352ms] [ERROR] Failed to load resource: the server responded with a status of 403 () @ https://tp4.sinaimg.cn/2910812187/50/5751281844/1:0
